// Vitest Snapshot v1, https://vitest.dev/guide/snapshot.html

exports[`App component > renders correct heading 1`] = `
<div>
  <div>
    <a
      href="https://vitejs.dev"
      target="_blank"
    >
      <img
        alt="Vite logo"
        class="logo"
        src="/vite.svg"
      />
    </a>
    <a
      href="https://react.dev"
      target="_blank"
    >
      <img
        alt="React logo"
        class="logo react"
        src="/src/assets/react.svg"
      />
    </a>
  </div>
  <h1>
    Maginificent Rhinos
  </h1>
  <div
    class="card"
  >
    <button>
      count is 
      0
    </button>
    <button
      type="button"
    >
      Click Me
    </button>
    <p>
      Edit 
      <code>
        src/App.jsx
      </code>
       and save to test HMR
    </p>
  </div>
  <p
    class="read-the-docs"
  >
    Click on the Vite and React logos to learn more
  </p>
</div>
`;

exports[`App component > renders magnificent monkeys 1`] = `
<div>
  <div>
    <a
      href="https://vitejs.dev"
      target="_blank"
    >
      <img
        alt="Vite logo"
        class="logo"
        src="/vite.svg"
      />
    </a>
    <a
      href="https://react.dev"
      target="_blank"
    >
      <img
        alt="React logo"
        class="logo react"
        src="/src/assets/react.svg"
      />
    </a>
  </div>
  <h1>
    Maginificent Rhinos
  </h1>
  <div
    class="card"
  >
    <button>
      count is 
      0
    </button>
    <button
      type="button"
    >
      Click Me
    </button>
    <p>
      Edit 
      <code>
        src/App.jsx
      </code>
       and save to test HMR
    </p>
  </div>
  <p
    class="read-the-docs"
  >
    Click on the Vite and React logos to learn more
  </p>
</div>
`;
